08:59:23.275 req=1 operator=200 agent=200
08:59:23.595 req=2 operator=200 agent=200
08:59:23.916 req=3 operator=200 agent=200
08:59:24.237 req=4 operator=200 agent=200
08:59:24.560 req=5 operator=200 agent=200
08:59:24.884 req=6 operator=200 agent=200
08:59:25.205 req=7 operator=200 agent=200
08:59:25.526 req=8 operator=200 agent=200
08:59:25.850 req=9 operator=200 agent=200
08:59:26.171 req=10 operator=200 agent=200
08:59:26.505 req=11 operator=200 agent=200
08:59:26.828 req=12 operator=200 agent=200
08:59:27.148 req=13 operator=200 agent=200
08:59:27.470 req=14 operator=200 agent=200
08:59:27.791 req=15 operator=200 agent=200
08:59:28.113 req=16 operator=200 agent=200
08:59:28.435 req=17 operator=200 agent=200
08:59:28.756 req=18 operator=200 agent=200
08:59:29.078 req=19 operator=200 agent=200
08:59:29.399 req=20 operator=200 agent=200
08:59:29.721 req=21 operator=200 agent=200
08:59:30.042 req=22 operator=200 agent=200
08:59:30.365 req=23 operator=200 agent=200
08:59:30.687 req=24 operator=200 agent=200
08:59:31.010 req=25 operator=200 agent=200
08:59:31.332 req=26 operator=200 agent=200
08:59:31.654 req=27 operator=200 agent=200
08:59:31.976 req=28 operator=200 agent=200
08:59:32.297 req=29 operator=200 agent=200
08:59:32.617 req=30 operator=200 agent=200
08:59:32.938 req=31 operator=200 agent=200
08:59:33.264 req=32 operator=200 agent=200
08:59:33.586 req=33 operator=200 agent=200
08:59:33.913 req=34 operator=200 agent=200
08:59:34.235 req=35 operator=200 agent=200
08:59:34.555 req=36 operator=200 agent=200
08:59:34.877 req=37 operator=200 agent=200
08:59:35.198 req=38 operator=200 agent=200
08:59:35.519 req=39 operator=200 agent=200
08:59:35.839 req=40 operator=200 agent=200
08:59:36.162 req=41 operator=200 agent=200
08:59:36.482 req=42 operator=200 agent=200
08:59:36.803 req=43 operator=200 agent=200
08:59:37.123 req=44 operator=200 agent=200
08:59:37.445 req=45 operator=200 agent=200
08:59:37.765 req=46 operator=200 agent=200
08:59:38.086 req=47 operator=200 agent=200
08:59:38.407 req=48 operator=200 agent=200
08:59:38.728 req=49 operator=200 agent=200
08:59:39.049 req=50 operator=200 agent=200
08:59:39.372 req=51 operator=200 agent=200
08:59:39.694 req=52 operator=200 agent=200
08:59:40.016 req=53 operator=200 agent=200
08:59:40.338 req=54 operator=200 agent=200
08:59:40.659 req=55 operator=curl: (7) Failed to connect to 10.106.7.201 port 8080 after 0 ms: Couldn't connect to server
000 agent=200
08:59:40.985 req=56 operator=200 agent=curl: (28) Connection timed out after 1001 milliseconds
000
08:59:42.309 req=57 operator=200 agent=200
08:59:42.631 req=58 operator=200 agent=200
08:59:42.954 req=59 operator=200 agent=200
08:59:43.278 req=60 operator=200 agent=200
08:59:43.599 req=61 operator=200 agent=200
08:59:43.919 req=62 operator=200 agent=200
08:59:44.241 req=63 operator=200 agent=200
08:59:44.561 req=64 operator=200 agent=200
08:59:44.883 req=65 operator=200 agent=200
08:59:45.203 req=66 operator=200 agent=200
08:59:45.524 req=67 operator=200 agent=200
08:59:45.845 req=68 operator=200 agent=200
08:59:46.166 req=69 operator=200 agent=200
08:59:46.487 req=70 operator=200 agent=200
08:59:46.808 req=71 operator=200 agent=200
08:59:47.129 req=72 operator=200 agent=200
08:59:47.451 req=73 operator=200 agent=200
08:59:47.773 req=74 operator=200 agent=200
08:59:48.094 req=75 operator=200 agent=200
08:59:48.416 req=76 operator=200 agent=200
08:59:48.738 req=77 operator=200 agent=200
08:59:49.060 req=78 operator=200 agent=200
08:59:49.381 req=79 operator=200 agent=200
08:59:49.702 req=80 operator=200 agent=200
08:59:50.025 req=81 operator=200 agent=200
08:59:50.347 req=82 operator=200 agent=200
08:59:50.670 req=83 operator=200 agent=200
08:59:50.993 req=84 operator=200 agent=200
08:59:51.315 req=85 operator=200 agent=200
08:59:51.638 req=86 operator=200 agent=200
08:59:51.961 req=87 operator=200 agent=200
08:59:52.285 req=88 operator=200 agent=200
08:59:52.606 req=89 operator=200 agent=200
08:59:52.929 req=90 operator=200 agent=200
08:59:53.251 req=91 operator=200 agent=200
08:59:53.573 req=92 operator=200 agent=200
08:59:53.897 req=93 operator=200 agent=200
08:59:54.219 req=94 operator=200 agent=200
08:59:54.540 req=95 operator=200 agent=200
08:59:54.861 req=96 operator=200 agent=200
08:59:55.183 req=97 operator=200 agent=200
08:59:55.504 req=98 operator=200 agent=200
08:59:55.827 req=99 operator=200 agent=200
08:59:56.150 req=100 operator=200 agent=200
08:59:56.471 req=101 operator=200 agent=200
08:59:56.795 req=102 operator=200 agent=200
08:59:57.118 req=103 operator=200 agent=200
08:59:57.445 req=104 operator=200 agent=200
08:59:57.772 req=105 operator=200 agent=200
08:59:58.099 req=106 operator=200 agent=200
08:59:58.423 req=107 operator=200 agent=200
08:59:58.751 req=108 operator=200 agent=200
08:59:59.083 req=109 operator=200 agent=200
08:59:59.409 req=110 operator=200 agent=200
08:59:59.731 req=111 operator=200 agent=200
09:00:00.053 req=112 operator=200 agent=200
09:00:00.375 req=113 operator=200 agent=200
09:00:00.698 req=114 operator=200 agent=200
09:00:01.021 req=115 operator=200 agent=200
09:00:01.346 req=116 operator=200 agent=200
09:00:01.668 req=117 operator=200 agent=200
09:00:01.989 req=118 operator=200 agent=200
09:00:02.311 req=119 operator=200 agent=200
09:00:02.633 req=120 operator=200 agent=200
09:00:02.954 req=121 operator=200 agent=200
09:00:03.275 req=122 operator=200 agent=200
09:00:03.595 req=123 operator=200 agent=200
09:00:03.917 req=124 operator=200 agent=200
09:00:04.238 req=125 operator=200 agent=200
09:00:04.560 req=126 operator=200 agent=200
09:00:04.883 req=127 operator=200 agent=200
09:00:05.205 req=128 operator=200 agent=200
09:00:05.526 req=129 operator=200 agent=200
09:00:05.848 req=130 operator=200 agent=200
09:00:06.173 req=131 operator=200 agent=200
09:00:06.494 req=132 operator=200 agent=200
09:00:06.816 req=133 operator=200 agent=200
09:00:07.140 req=134 operator=200 agent=200
09:00:07.462 req=135 operator=200 agent=200
09:00:07.783 req=136 operator=200 agent=200
09:00:08.105 req=137 operator=200 agent=200
09:00:08.426 req=138 operator=200 agent=200
09:00:08.749 req=139 operator=200 agent=200
09:00:09.071 req=140 operator=200 agent=200
09:00:09.392 req=141 operator=200 agent=200
09:00:09.714 req=142 operator=200 agent=200
09:00:10.036 req=143 operator=200 agent=200
09:00:10.358 req=144 operator=200 agent=200
09:00:10.679 req=145 operator=200 agent=200
09:00:10.999 req=146 operator=200 agent=200
09:00:11.321 req=147 operator=200 agent=200
09:00:11.641 req=148 operator=200 agent=200
09:00:11.963 req=149 operator=200 agent=200
09:00:12.290 req=150 operator=200 agent=200
09:00:12.611 req=151 operator=200 agent=200
09:00:12.944 req=152 operator=200 agent=200
09:00:13.266 req=153 operator=200 agent=200
09:00:13.587 req=154 operator=200 agent=200
09:00:13.908 req=155 operator=200 agent=200
09:00:14.230 req=156 operator=200 agent=200
09:00:14.551 req=157 operator=200 agent=200
09:00:14.872 req=158 operator=200 agent=200
09:00:15.194 req=159 operator=200 agent=200
09:00:15.515 req=160 operator=200 agent=200
09:00:15.837 req=161 operator=200 agent=200
09:00:16.159 req=162 operator=200 agent=200
09:00:16.480 req=163 operator=200 agent=200
09:00:16.801 req=164 operator=200 agent=200
09:00:17.122 req=165 operator=200 agent=200
09:00:17.443 req=166 operator=200 agent=200
09:00:17.765 req=167 operator=200 agent=200
09:00:18.086 req=168 operator=200 agent=200
09:00:18.408 req=169 operator=200 agent=200
09:00:18.730 req=170 operator=curl: (7) Failed to connect to 10.106.7.201 port 8080 after 0 ms: Couldn't connect to server
000 agent=200
09:00:19.052 req=171 operator=curl: (28) Connection timed out after 1000 milliseconds
000 agent=200
09:00:20.375 req=172 operator=200 agent=200
09:00:20.701 req=173 operator=200 agent=200
09:00:21.026 req=174 operator=200 agent=200
09:00:21.347 req=175 operator=200 agent=200
09:00:21.670 req=176 operator=200 agent=200
09:00:21.991 req=177 operator=200 agent=200
09:00:22.315 req=178 operator=200 agent=200
09:00:22.636 req=179 operator=200 agent=200
09:00:22.958 req=180 operator=200 agent=200
09:00:23.278 req=181 operator=200 agent=200
09:00:23.599 req=182 operator=200 agent=200
09:00:23.922 req=183 operator=200 agent=200
09:00:24.244 req=184 operator=200 agent=200
09:00:24.566 req=185 operator=200 agent=200
09:00:24.887 req=186 operator=200 agent=200
09:00:25.207 req=187 operator=200 agent=200
09:00:25.528 req=188 operator=200 agent=200
09:00:25.850 req=189 operator=200 agent=200
09:00:26.170 req=190 operator=200 agent=200
09:00:26.492 req=191 operator=200 agent=200
09:00:26.814 req=192 operator=200 agent=200
09:00:27.135 req=193 operator=200 agent=200
09:00:27.456 req=194 operator=200 agent=200
09:00:27.778 req=195 operator=200 agent=200
09:00:28.099 req=196 operator=200 agent=200
09:00:28.420 req=197 operator=200 agent=200
09:00:28.742 req=198 operator=200 agent=200
09:00:29.065 req=199 operator=200 agent=200
09:00:29.385 req=200 operator=200 agent=200
09:00:29.706 req=201 operator=200 agent=200
09:00:30.031 req=202 operator=200 agent=200
09:00:30.354 req=203 operator=200 agent=200
09:00:30.677 req=204 operator=200 agent=200
09:00:31.000 req=205 operator=200 agent=200
09:00:31.324 req=206 operator=200 agent=200
09:00:31.645 req=207 operator=200 agent=200
09:00:31.966 req=208 operator=200 agent=200
09:00:32.287 req=209 operator=200 agent=200
09:00:32.612 req=210 operator=200 agent=200
09:00:32.933 req=211 operator=200 agent=200
09:00:33.254 req=212 operator=200 agent=200
09:00:33.577 req=213 operator=200 agent=200
09:00:33.899 req=214 operator=200 agent=200
09:00:34.222 req=215 operator=200 agent=200
09:00:34.545 req=216 operator=200 agent=200
09:00:34.867 req=217 operator=200 agent=200
09:00:35.188 req=218 operator=200 agent=200
09:00:35.511 req=219 operator=200 agent=200
09:00:35.833 req=220 operator=200 agent=200
09:00:36.156 req=221 operator=200 agent=200
09:00:36.477 req=222 operator=200 agent=200
09:00:36.798 req=223 operator=200 agent=200
09:00:37.118 req=224 operator=200 agent=200
09:00:37.439 req=225 operator=200 agent=200
09:00:37.759 req=226 operator=200 agent=200
09:00:38.081 req=227 operator=200 agent=200
09:00:38.401 req=228 operator=200 agent=200
09:00:38.721 req=229 operator=200 agent=200
09:00:39.043 req=230 operator=200 agent=200
09:00:39.363 req=231 operator=200 agent=200
09:00:39.683 req=232 operator=200 agent=200
09:00:40.006 req=233 operator=200 agent=200
09:00:40.327 req=234 operator=200 agent=200
09:00:40.649 req=235 operator=200 agent=200
09:00:40.970 req=236 operator=200 agent=200
09:00:41.291 req=237 operator=200 agent=200
09:00:41.612 req=238 operator=200 agent=200
09:00:41.935 req=239 operator=200 agent=200
09:00:42.260 req=240 operator=200 agent=200
09:00:42.583 req=241 operator=200 agent=200
09:00:42.904 req=242 operator=200 agent=200
09:00:43.227 req=243 operator=200 agent=200
09:00:43.554 req=244 operator=200 agent=200
09:00:43.877 req=245 operator=200 agent=200
09:00:44.198 req=246 operator=200 agent=200
09:00:44.524 req=247 operator=200 agent=200
09:00:44.850 req=248 operator=200 agent=200
09:00:45.172 req=249 operator=200 agent=200
09:00:45.495 req=250 operator=200 agent=200
09:00:45.818 req=251 operator=200 agent=200
09:00:46.142 req=252 operator=200 agent=200
09:00:46.465 req=253 operator=200 agent=200
09:00:46.788 req=254 operator=200 agent=200
09:00:47.112 req=255 operator=200 agent=200
09:00:47.437 req=256 operator=200 agent=200
09:00:47.761 req=257 operator=200 agent=200
09:00:48.085 req=258 operator=200 agent=200
09:00:48.409 req=259 operator=200 agent=200
09:00:48.732 req=260 operator=200 agent=200
09:00:49.059 req=261 operator=200 agent=200
09:00:49.382 req=262 operator=200 agent=200
09:00:49.707 req=263 operator=200 agent=200
09:00:50.032 req=264 operator=curl: (28) Connection timed out after 1001 milliseconds
000 agent=200
09:00:51.357 req=265 operator=200 agent=200
09:00:51.681 req=266 operator=200 agent=200
09:00:52.003 req=267 operator=200 agent=200
09:00:52.324 req=268 operator=200 agent=200
09:00:52.647 req=269 operator=200 agent=200
09:00:52.973 req=270 operator=200 agent=200
09:00:53.297 req=271 operator=200 agent=200
09:00:53.622 req=272 operator=200 agent=200
09:00:53.947 req=273 operator=200 agent=200
09:00:54.273 req=274 operator=200 agent=200
09:00:54.594 req=275 operator=200 agent=200
09:00:54.920 req=276 operator=200 agent=200
09:00:55.243 req=277 operator=200 agent=200
09:00:55.567 req=278 operator=200 agent=200
09:00:55.890 req=279 operator=200 agent=200
09:00:56.213 req=280 operator=200 agent=200
09:00:56.535 req=281 operator=200 agent=200
09:00:56.857 req=282 operator=200 agent=200
09:00:57.183 req=283 operator=200 agent=200
09:00:57.509 req=284 operator=200 agent=200
09:00:57.832 req=285 operator=200 agent=200
09:00:58.154 req=286 operator=200 agent=200
09:00:58.476 req=287 operator=200 agent=200
09:00:58.798 req=288 operator=200 agent=200
09:00:59.121 req=289 operator=200 agent=200
09:00:59.442 req=290 operator=200 agent=200
09:00:59.763 req=291 operator=200 agent=200
09:01:00.088 req=292 operator=200 agent=200
09:01:00.411 req=293 operator=200 agent=200
09:01:00.733 req=294 operator=200 agent=200
09:01:01.055 req=295 operator=200 agent=200
09:01:01.377 req=296 operator=200 agent=200
09:01:01.698 req=297 operator=200 agent=200
09:01:02.018 req=298 operator=200 agent=200
09:01:02.338 req=299 operator=200 agent=200
09:01:02.659 req=300 operator=200 agent=200
09:01:02.980 req=301 operator=200 agent=200
09:01:03.302 req=302 operator=200 agent=200
09:01:03.623 req=303 operator=200 agent=200
09:01:03.944 req=304 operator=200 agent=200
09:01:04.266 req=305 operator=200 agent=200
09:01:04.587 req=306 operator=200 agent=200
09:01:04.910 req=307 operator=200 agent=200
09:01:05.231 req=308 operator=200 agent=200
09:01:05.551 req=309 operator=200 agent=200
09:01:05.876 req=310 operator=200 agent=200
09:01:06.198 req=311 operator=200 agent=200
09:01:06.521 req=312 operator=200 agent=200
09:01:06.841 req=313 operator=200 agent=200
09:01:07.164 req=314 operator=200 agent=200
09:01:07.485 req=315 operator=200 agent=200
09:01:07.806 req=316 operator=200 agent=200
09:01:08.127 req=317 operator=200 agent=200
09:01:08.448 req=318 operator=200 agent=200
09:01:08.769 req=319 operator=200 agent=200
09:01:09.090 req=320 operator=200 agent=200
09:01:09.411 req=321 operator=200 agent=200
09:01:09.731 req=322 operator=200 agent=200
09:01:10.052 req=323 operator=200 agent=200
09:01:10.372 req=324 operator=200 agent=200
09:01:10.693 req=325 operator=200 agent=200
09:01:11.018 req=326 operator=200 agent=200
09:01:11.339 req=327 operator=200 agent=200
09:01:11.659 req=328 operator=200 agent=200
09:01:11.980 req=329 operator=200 agent=200
09:01:12.300 req=330 operator=200 agent=200
09:01:12.621 req=331 operator=200 agent=200
09:01:12.942 req=332 operator=200 agent=200
09:01:13.263 req=333 operator=200 agent=200
09:01:13.583 req=334 operator=200 agent=200
09:01:13.905 req=335 operator=200 agent=200
09:01:14.226 req=336 operator=200 agent=200
09:01:14.547 req=337 operator=200 agent=200
09:01:14.867 req=338 operator=200 agent=200
09:01:15.188 req=339 operator=200 agent=200
09:01:15.508 req=340 operator=200 agent=200
09:01:15.829 req=341 operator=200 agent=200
09:01:16.153 req=342 operator=200 agent=200
09:01:16.473 req=343 operator=200 agent=200
09:01:16.793 req=344 operator=200 agent=200
09:01:17.113 req=345 operator=200 agent=200
09:01:17.434 req=346 operator=200 agent=200
09:01:17.754 req=347 operator=200 agent=200
09:01:18.076 req=348 operator=200 agent=200
09:01:18.396 req=349 operator=200 agent=200
09:01:18.716 req=350 operator=200 agent=200
09:01:19.036 req=351 operator=200 agent=200
09:01:19.357 req=352 operator=200 agent=200
09:01:19.678 req=353 operator=200 agent=200
09:01:19.999 req=354 operator=200 agent=200
09:01:20.321 req=355 operator=200 agent=200
09:01:20.644 req=356 operator=200 agent=200
09:01:20.965 req=357 operator=200 agent=200
09:01:21.285 req=358 operator=200 agent=200
09:01:21.606 req=359 operator=200 agent=200
09:01:21.926 req=360 operator=200 agent=200
09:01:22.247 req=361 operator=200 agent=200
09:01:22.567 req=362 operator=200 agent=200
09:01:22.886 req=363 operator=200 agent=200
09:01:23.207 req=364 operator=200 agent=200
09:01:23.527 req=365 operator=200 agent=200
09:01:23.846 req=366 operator=200 agent=200
09:01:24.166 req=367 operator=200 agent=200
09:01:24.488 req=368 operator=200 agent=200
09:01:24.809 req=369 operator=200 agent=200
09:01:25.137 req=370 operator=200 agent=200
09:01:25.457 req=371 operator=200 agent=200
09:01:25.780 req=372 operator=200 agent=200
09:01:26.102 req=373 operator=200 agent=200
09:01:26.424 req=374 operator=200 agent=200
09:01:26.746 req=375 operator=200 agent=200
09:01:27.068 req=376 operator=200 agent=200
09:01:27.390 req=377 operator=200 agent=200
09:01:27.714 req=378 operator=200 agent=200
09:01:28.037 req=379 operator=200 agent=200
09:01:28.361 req=380 operator=200 agent=200
09:01:28.682 req=381 operator=200 agent=200
09:01:29.005 req=382 operator=200 agent=200
09:01:29.331 req=383 operator=curl: (28) Connection timed out after 1000 milliseconds
000 agent=200
09:01:30.654 req=384 operator=200 agent=200
09:01:30.976 req=385 operator=200 agent=200
09:01:31.298 req=386 operator=200 agent=200
09:01:31.619 req=387 operator=200 agent=200
09:01:31.941 req=388 operator=200 agent=200
09:01:32.265 req=389 operator=200 agent=200
09:01:32.586 req=390 operator=200 agent=200
09:01:32.912 req=391 operator=200 agent=200
09:01:33.237 req=392 operator=200 agent=200
09:01:33.559 req=393 operator=200 agent=200
09:01:33.883 req=394 operator=200 agent=200
09:01:34.208 req=395 operator=200 agent=200
09:01:34.530 req=396 operator=200 agent=200
09:01:34.851 req=397 operator=200 agent=200
09:01:35.172 req=398 operator=200 agent=200
09:01:35.495 req=399 operator=200 agent=200
09:01:35.816 req=400 operator=200 agent=200
09:01:36.139 req=401 operator=200 agent=200
09:01:36.461 req=402 operator=200 agent=200
09:01:36.781 req=403 operator=200 agent=200
09:01:37.102 req=404 operator=200 agent=200
09:01:37.423 req=405 operator=200 agent=200
09:01:37.748 req=406 operator=200 agent=200
09:01:38.070 req=407 operator=200 agent=200
09:01:38.394 req=408 operator=200 agent=200
09:01:38.717 req=409 operator=200 agent=200
09:01:39.039 req=410 operator=200 agent=200
09:01:39.362 req=411 operator=200 agent=200
09:01:39.683 req=412 operator=200 agent=200
09:01:40.005 req=413 operator=200 agent=200
09:01:40.328 req=414 operator=200 agent=200
09:01:40.651 req=415 operator=200 agent=200
09:01:40.975 req=416 operator=200 agent=200
09:01:41.299 req=417 operator=200 agent=200
09:01:41.621 req=418 operator=200 agent=200
09:01:41.943 req=419 operator=200 agent=200
09:01:42.265 req=420 operator=200 agent=200
09:01:42.586 req=421 operator=200 agent=200
09:01:42.909 req=422 operator=200 agent=200
09:01:43.230 req=423 operator=200 agent=200
09:01:43.552 req=424 operator=200 agent=200
09:01:43.876 req=425 operator=200 agent=200
09:01:44.199 req=426 operator=200 agent=200
09:01:44.521 req=427 operator=200 agent=200
09:01:44.842 req=428 operator=200 agent=200
09:01:45.164 req=429 operator=200 agent=200
09:01:45.485 req=430 operator=200 agent=200
09:01:45.807 req=431 operator=200 agent=200
09:01:46.132 req=432 operator=200 agent=200
09:01:46.454 req=433 operator=200 agent=200
09:01:46.777 req=434 operator=200 agent=200
09:01:47.100 req=435 operator=200 agent=200
09:01:47.423 req=436 operator=200 agent=200
09:01:47.745 req=437 operator=200 agent=200
09:01:48.066 req=438 operator=200 agent=200
09:01:48.389 req=439 operator=200 agent=200
09:01:48.711 req=440 operator=200 agent=200
09:01:49.033 req=441 operator=200 agent=200
09:01:49.357 req=442 operator=200 agent=200
09:01:49.680 req=443 operator=200 agent=200
09:01:50.002 req=444 operator=200 agent=200
09:01:50.325 req=445 operator=200 agent=200
09:01:50.647 req=446 operator=200 agent=200
09:01:50.969 req=447 operator=200 agent=200
09:01:51.291 req=448 operator=200 agent=200
09:01:51.614 req=449 operator=200 agent=200
09:01:51.937 req=450 operator=200 agent=200
09:01:52.258 req=451 operator=200 agent=200
09:01:52.578 req=452 operator=200 agent=200
09:01:52.899 req=453 operator=200 agent=200
09:01:53.221 req=454 operator=200 agent=200
09:01:53.542 req=455 operator=200 agent=200
09:01:53.865 req=456 operator=200 agent=200
09:01:54.190 req=457 operator=200 agent=200
09:01:54.512 req=458 operator=200 agent=200

--- summary ---
464 health-check polls at 0.3s interval across 3 real rolling updates of the backend Deployment (maxUnavailable:0, maxSurge:1); 6 failed sub-requests total (each failure ~0.3-1s), all coincident with a pod-template change taking effect (real pod name/IP changing) never a sustained outage.
